
Madhusudan.r@HMECL006096 MINGW64 ~/Desktop/Assignment/Calculator (master)
$ git remote add origin "package org.madhu;


        import java.util.Scanner;

        public class Calculator {
            private static Scanner scan;

            // define,declare scanner and call getValues with scanner as parameter
            public static void main(String[] args) {
                scan = new Scanner(System.in);
                new Calculator().getValues(scan);
            }

            //Get values and which operator from the menu
            public void getValues(Scanner scan) {
                String choice = scan.next();
                String output;

               do {
                System.out.println("Enter the first number: ");
                int firstValue = scan.nextInt();
                System.out.println("Enter the second number: ");
^C      }   }   }       return ("Entered wrong option "+operator);"+(firstValue/

Madhusudan.r@HMECL006096 MINGW64 ~/Desktop/Assignment/Calculator (master)
$ git remote add origin "https://gitlab.stackroute.in/madhusudan.r/exercise-bt-conditionalstatements-switchcase.git"

Madhusudan.r@HMECL006096 MINGW64 ~/Desktop/Assignment/Calculator (master)
$ git pull origin master
remote: Enumerating objects: 3, done.
remote: Counting objects: 100% (3/3), done.
remote: Compressing objects: 100% (3/3), done.
remote: Total 79 (delta 0), reused 3 (delta 0), pack-reused 76
Unpacking objects: 100% (79/79), 11.78 KiB | 44.00 KiB/s, done.
From https://gitlab.stackroute.in/madhusudan.r/exercise-bt-conditionalstatements-switchcase
 * branch            master     -> FETCH_HEAD
 * [new branch]      master     -> origin/master

Madhusudan.r@HMECL006096 MINGW64 ~/Desktop/Assignment/Calculator (master)
$ git status
On branch master
Changes not staged for commit:
  (use "git add <file>..." to update what will be committed)
  (use "git restore <file>..." to discard changes in working directory)
        modified:   src/main/java/com/stackroute/basics/Calculator.java
        modified:   src/test/java/com/stackroute/basics/CalculatorAppTests.java
        modified:   src/test/java/com/stackroute/basics/CalculatorTests.java

Untracked files:
  (use "git add <file>..." to include in what will be committed)
        .project
        bin/

no changes added to commit (use "git add" and/or "git commit -a")

Madhusudan.r@HMECL006096 MINGW64 ~/Desktop/Assignment/Calculator (master)
$ git add .

Madhusudan.r@HMECL006096 MINGW64 ~/Desktop/Assignment/Calculator (master)
$ git status
On branch master
Changes to be committed:
  (use "git restore --staged <file>..." to unstage)
        new file:   .project
        new file:   bin/.gitignore
        new file:   bin/.project
        new file:   bin/PROBLEM.md
        new file:   bin/README.md
        new file:   bin/pom.xml
        new file:   bin/src/main/java/com/stackroute/basics/Calculator.class
        new file:   bin/src/test/java/com/stackroute/basics/CalculatorAppTests.class
        new file:   bin/src/test/java/com/stackroute/basics/CalculatorTests.class
        modified:   src/main/java/com/stackroute/basics/Calculator.java
        modified:   src/test/java/com/stackroute/basics/CalculatorAppTests.java
        modified:   src/test/java/com/stackroute/basics/CalculatorTests.java


Madhusudan.r@HMECL006096 MINGW64 ~/Desktop/Assignment/Calculator (master)
$ git commit -m "Calculator"
[master 27bcb00] Calculator
 Committer: Madhusudan R <madhusudan.r@happiestminds.com>
Your name and email address were configured automatically based
on your username and hostname. Please check that they are accurate.
You can suppress this message by setting them explicitly:

    git config --global user.name "Your Name"
    git config --global user.email you@example.com

After doing this, you may fix the identity used for this commit with:

    git commit --amend --reset-author

 12 files changed, 421 insertions(+), 18 deletions(-)
 create mode 100644 .project
 create mode 100644 bin/.gitignore
 create mode 100644 bin/.project
 create mode 100644 bin/PROBLEM.md
 create mode 100644 bin/README.md
 create mode 100644 bin/pom.xml
 create mode 100644 bin/src/main/java/com/stackroute/basics/Calculator.class
 create mode 100644 bin/src/test/java/com/stackroute/basics/CalculatorAppTests.class
 create mode 100644 bin/src/test/java/com/stackroute/basics/CalculatorTests.class

Madhusudan.r@HMECL006096 MINGW64 ~/Desktop/Assignment/Calculator (master)
$ git push origin master
Enumerating objects: 41, done.
Counting objects: 100% (41/41), done.
Delta compression using up to 8 threads
Compressing objects: 100% (14/14), done.
Writing objects: 100% (32/32), 4.44 KiB | 908.00 KiB/s, done.
Total 32 (delta 5), reused 0 (delta 0), pack-reused 0
To https://gitlab.stackroute.in/madhusudan.r/exercise-bt-conditionalstatements-switchcase.git
   ccc9edf..27bcb00  master -> master
